( ●    ) Initializing windows build...
[12:02:35] Run subprocess:                                                     
           ['C:\\Users\\balae\\flutter\\3.38.7\\bin\\flutter.bat', '--version',
           '--no-version-check', '--suppress-analytics']                       
( ●    ) Initializing windows build...
(    ● ) Initializing windows build...
(   ●  ) Initializing windows build...
(●     ) Initializing windows build...
(   ●  ) Initializing windows build...
(    ● ) Initializing windows build...
[12:02:37] Flutter executable: C:\Users\balae\flutter\3.38.7\bin\flutter.bat   
( ●    ) Initializing windows build...
           Dart executable: C:\Users\balae\flutter\3.38.7\bin\dart.bat         
( ●    ) Initializing windows build...
( ●    ) Creating app shell from gh:flet-dev/flet-build-template with ref 
"0.80.5"...
(   ●  ) Creating app shell from gh:flet-dev/flet-build-template with ref 
"0.80.5"...
(    ● ) Creating app shell from gh:flet-dev/flet-build-template with ref 
"0.80.5"...
( ●    ) Creating app shell from gh:flet-dev/flet-build-template with ref 
"0.80.5"...
(  ●   ) Creating app shell from gh:flet-dev/flet-build-template with ref 
"0.80.5"...
(     ●) Creating app shell from gh:flet-dev/flet-build-template with ref 
"0.80.5"...
( ●    ) Creating app shell from gh:flet-dev/flet-build-template with ref 
"0.80.5"...
(  ●   ) Creating app shell from gh:flet-dev/flet-build-template with ref 
"0.80.5"...
(     ●) Creating app shell from gh:flet-dev/flet-build-template with ref 
"0.80.5"...
(  ●   ) Creating app shell from gh:flet-dev/flet-build-template with ref 
"0.80.5"...
( ●    ) Creating app shell from gh:flet-dev/flet-build-template with ref 
"0.80.5"...
(    ● ) Creating app shell from gh:flet-dev/flet-build-template with ref 
"0.80.5"...
(  ●   ) Creating app shell from gh:flet-dev/flet-build-template with ref 
"0.80.5"...
( ●    ) Creating app shell from gh:flet-dev/flet-build-template with ref 
"0.80.5"...
(    ● ) Creating app shell from gh:flet-dev/flet-build-template with ref 
"0.80.5"...
(   ●  ) Creating app shell from gh:flet-dev/flet-build-template with ref 
"0.80.5"...
(●     ) Creating app shell from gh:flet-dev/flet-build-template with ref 
"0.80.5"...
(    ● ) Creating app shell from gh:flet-dev/flet-build-template with ref 
"0.80.5"...
(   ●  ) Creating app shell from gh:flet-dev/flet-build-template with ref 
"0.80.5"...
(●     ) Creating app shell from gh:flet-dev/flet-build-template with ref 
"0.80.5"...
(   ●  ) Creating app shell from gh:flet-dev/flet-build-template with ref 
"0.80.5"...
(    ● ) Creating app shell from gh:flet-dev/flet-build-template with ref 
"0.80.5"...
(●     ) Creating app shell from gh:flet-dev/flet-build-template with ref 
"0.80.5"...
(   ●  ) Creating app shell from gh:flet-dev/flet-build-template with ref 
"0.80.5"...
(    ● ) Creating app shell from gh:flet-dev/flet-build-template with ref 
"0.80.5"...
( ●    ) Creating app shell from gh:flet-dev/flet-build-template with ref 
"0.80.5"...
(   ●  ) Creating app shell from gh:flet-dev/flet-build-template with ref 
"0.80.5"...
(    ● ) Creating app shell from gh:flet-dev/flet-build-template with ref 
"0.80.5"...
( ●    ) Creating app shell from gh:flet-dev/flet-build-template with ref 
"0.80.5"...
(  ●   ) Creating app shell from gh:flet-dev/flet-build-template with ref 
"0.80.5"...
(    ● ) Creating app shell from gh:flet-dev/flet-build-template with ref 
"0.80.5"...
[12:02:45] Created app shell ✅                                                
(    ● ) Creating app shell from gh:flet-dev/flet-build-template with ref 
"0.80.5"...
           Run subprocess: ['C:\\Users\\balae\\flutter\\3.38.7\\bin\\dart.bat',
           'run', '--suppress-analytics', 'serious_python:main', 'package',    
           'C:\\Users\\balae\\AppData\\Local\\Temp\\flet_build_w0uas4o5',      
           '--platform', 'Windows', '-r', 'Pillow>=10.0.0', '-r',              
           'beautifulsoup4>=4.12.0', '-r', 'flet>=0.10.0', '-r',               
           'pydantic>=2.0.0', '-r', 'pynput>=1.7.6', '-r', 'pyperclip>=1.8.2', 
           '-r', 'python-pptx>=0.6.21', '-r', 'requests>=2.31.0', '-r',        
           'rich>=13.0.0', '--exclude', 'build', '--cleanup-packages']         
(   ●  ) Packaging Python app...
( ●    ) Packaging Python app...
(  ●   ) Packaging Python app...
(     ●) Packaging Python app...
(  ●   ) Packaging Python app...
(  ●   ) Packaging Python app...
(     ●) Packaging Python app...
(  ●   ) Packaging Python app...
( ●    ) Packaging Python app...
(    ● ) Packaging Python app...
(   ●  ) Packaging Python app...
( ●    ) Packaging Python app...
(    ● ) Packaging Python app...
(   ●  ) Packaging Python app...
(●     ) Packaging Python app...
(   ●  ) Packaging Python app...
(    ● ) Packaging Python app...
( ●    ) Packaging Python app...
(   ●  ) Packaging Python app...
(    ● ) Packaging Python app...
( ●    ) Packaging Python app...
(  ●   ) Packaging Python app...
(     ●) Packaging Python app...
( ●    ) Packaging Python app...
(  ●   ) Packaging Python app...
(     ●) Packaging Python app...
(  ●   ) Packaging Python app...
( ●    ) Packaging Python app...
(    ● ) Packaging Python app...
(  ●   ) Packaging Python app...
( ●    ) Packaging Python app...
(    ● ) Packaging Python app...
(   ●  ) Packaging Python app...
(●     ) Packaging Python app...
(    ● ) Packaging Python app...
(   ●  ) Packaging Python app...
(●     ) Packaging Python app...
(   ●  ) Packaging Python app...
(    ● ) Packaging Python app...
(●     ) Packaging Python app...
(   ●  ) Packaging Python app...
(    ● ) Packaging Python app...
( ●    ) Packaging Python app...
(  ●   ) Packaging Python app...
(     ●) Packaging Python app...
(  ●   ) Packaging Python app...
(  ●   ) Packaging Python app...
(     ●) Packaging Python app...
(  ●   ) Packaging Python app...
( ●    ) Packaging Python app...
(     ●) Packaging Python app...
(  ●   ) Packaging Python app...
( ●    ) Packaging Python app...
(    ● ) Packaging Python app...
(   ●  ) Packaging Python app...
(●     ) Packaging Python app...
(   ●  ) Packaging Python app...
(   ●  ) Packaging Python app...
(●     ) Packaging Python app...
(   ●  ) Packaging Python app...
(    ● ) Packaging Python app...
( ●    ) Packaging Python app...
(   ●  ) Packaging Python app...
(    ● ) Packaging Python app...
( ●    ) Packaging Python app...
(  ●   ) Packaging Python app...
(     ●) Packaging Python app...
(  ●   ) Packaging Python app...
(  ●   ) Packaging Python app...
(     ●) Packaging Python app...
(  ●   ) Packaging Python app...
( ●    ) Packaging Python app...
(    ● ) Packaging Python app...
(  ●   ) Packaging Python app...
( ●    ) Packaging Python app...
(    ● ) Packaging Python app...
(   ●  ) Packaging Python app...
(●     ) Packaging Python app...
(   ●  ) Packaging Python app...
(   ●  ) Packaging Python app...
(●     ) Packaging Python app...
(   ●  ) Packaging Python app...
(    ● ) Packaging Python app...
( ●    ) Packaging Python app...
(  ●   ) Packaging Python app...
(    ● ) Packaging Python app...
( ●    ) Packaging Python app...
(  ●   ) Packaging Python app...
(     ●) Packaging Python app...
(  ●   ) Packaging Python app...
( ●    ) Packaging Python app...
(     ●) Packaging Python app...
(  ●   ) Packaging Python app...
( ●    ) Packaging Python app...
(    ● ) Packaging Python app...
(   ●  ) Packaging Python app...
(●     ) Packaging Python app...
(    ● ) Packaging Python app...
(   ●  ) Packaging Python app...
(●     ) Packaging Python app...
(   ●  ) Packaging Python app...
(    ● ) Packaging Python app...
(●     ) Packaging Python app...
(   ●  ) Packaging Python app...
(    ● ) Packaging Python app...
( ●    ) Packaging Python app...
(  ●   ) Packaging Python app...
(    ● ) Packaging Python app...
( ●    ) Packaging Python app...
(  ●   ) Packaging Python app...
(     ●) Packaging Python app...
(  ●   ) Packaging Python app...
( ●    ) Packaging Python app...
(     ●) Packaging Python app...
(  ●   ) Packaging Python app...
( ●    ) Packaging Python app...
(    ● ) Packaging Python app...
(   ●  ) Packaging Python app...
( ●    ) Packaging Python app...
(    ● ) Packaging Python app...
(   ●  ) Packaging Python app...
(●     ) Packaging Python app...
(   ●  ) Packaging Python app...
(    ● ) Packaging Python app...
( ●    ) Packaging Python app...
(   ●  ) Packaging Python app...
(    ● ) Packaging Python app...
( ●    ) Packaging Python app...
(  ●   ) Packaging Python app...
(    ● ) Packaging Python app...
( ●    ) Packaging Python app...
(  ●   ) Packaging Python app...
(     ●) Packaging Python app...
(  ●   ) Packaging Python app...
( ●    ) Packaging Python app...
(     ●) Packaging Python app...
(  ●   ) Packaging Python app...
( ●    ) Packaging Python app...
(    ● ) Packaging Python app...
(   ●  ) Packaging Python app...
(●     ) Packaging Python app...
(    ● ) Packaging Python app...
(   ●  ) Packaging Python app...
(●     ) Packaging Python app...
(   ●  ) Packaging Python app...
(    ● ) Packaging Python app...
(●     ) Packaging Python app...
(   ●  ) Packaging Python app...
(    ● ) Packaging Python app...
( ●    ) Packaging Python app...
(  ●   ) Packaging Python app...
(     ●) Packaging Python app...
( ●    ) Packaging Python app...
(  ●   ) Packaging Python app...
(     ●) Packaging Python app...
(  ●   ) Packaging Python app...
( ●    ) Packaging Python app...
(     ●) Packaging Python app...
(  ●   ) Packaging Python app...
( ●    ) Packaging Python app...
(    ● ) Packaging Python app...
(   ●  ) Packaging Python app...
( ●    ) Packaging Python app...
(    ● ) Packaging Python app...
(   ●  ) Packaging Python app...
(●     ) Packaging Python app...
(   ●  ) Packaging Python app...
(    ● ) Packaging Python app...
(●     ) Packaging Python app...
(   ●  ) Packaging Python app...
(    ● ) Packaging Python app...
( ●    ) Packaging Python app...
(  ●   ) Packaging Python app...
(     ●) Packaging Python app...
( ●    ) Packaging Python app...
(  ●   ) Packaging Python app...
(     ●) Packaging Python app...
(  ●   ) Packaging Python app...
( ●    ) Packaging Python app...
(    ● ) Packaging Python app...
(  ●   ) Packaging Python app...
( ●    ) Packaging Python app...
(    ● ) Packaging Python app...
(   ●  ) Packaging Python app...
(●     ) Packaging Python app...
(    ● ) Packaging Python app...
(   ●  ) Packaging Python app...
(●     ) Packaging Python app...
(   ●  ) Packaging Python app...
(    ● ) Packaging Python app...
( ●    ) Packaging Python app...
(   ●  ) Packaging Python app...
(    ● ) Packaging Python app...
( ●    ) Packaging Python app...
(  ●   ) Packaging Python app...
(     ●) Packaging Python app...
( ●    ) Packaging Python app...
(  ●   ) Packaging Python app...
(     ●) Packaging Python app...
(  ●   ) Packaging Python app...
( ●    ) Packaging Python app...
(    ● ) Packaging Python app...
(  ●   ) Packaging Python app...
( ●    ) Packaging Python app...
(    ● ) Packaging Python app...
(   ●  ) Packaging Python app...
(●     ) Packaging Python app...
[12:03:37] Packaged Python app ✅                                              
( ●    ) Packaging Python app...
(    ● ) Packaging Python app...
(   ●  ) Packaging Python app...
(●     ) Packaging Python app...
(   ●  ) Packaging Python app...
(    ● ) Packaging Python app...
(●     ) Packaging Python app...
(   ●  ) Packaging Python app...
(    ● ) Packaging Python app...
( ●    ) Packaging Python app...
(  ●   ) Packaging Python app...
(     ●) Packaging Python app...
( ●    ) Packaging Python app...
(  ●   ) Packaging Python app...
(     ●) Packaging Python app...
(  ●   ) Packaging Python app...
( ●    ) Packaging Python app...
(     ●) Packaging Python app...
(  ●   ) Packaging Python app...
( ●    ) Packaging Python app...
(    ● ) Packaging Python app...
(  ●   ) Packaging Python app...
( ●    ) Packaging Python app...
(    ● ) Packaging Python app...
(  ●   ) Packaging Python app...
[12:03:43] Run subprocess: ['C:\\Users\\balae\\flutter\\3.38.7\\bin\\dart.bat',
           'run', '--suppress-analytics', 'flutter_launcher_icons']            
(●     ) Generating app icons...
( ●    ) Generating app icons...
(    ● ) Generating app icons...
(   ●  ) Generating app icons...
(●     ) Generating app icons...
(   ●  ) Generating app icons...
(   ●  ) Generating app icons...
(●     ) Generating app icons...
(   ●  ) Generating app icons...
(    ● ) Generating app icons...
( ●    ) Generating app icons...
(   ●  ) Generating app icons...
(    ● ) Generating app icons...
( ●    ) Generating app icons...
(  ●   ) Generating app icons...
(     ●) Generating app icons...
(  ●   ) Generating app icons...
(  ●   ) Generating app icons...
(     ●) Generating app icons...
(  ●   ) Generating app icons...
( ●    ) Generating app icons...
(    ● ) Generating app icons...
(   ●  ) Generating app icons...
[12:03:49]   ════════════════════════════════════════════                      
(●     ) Generating app icons...
                FLUTTER LAUNCHER ICONS (v0.14.4)                               
(●     ) Generating app icons...
             ════════════════════════════════════════════                      
(●     ) Generating app icons...
                                                                               
(●     ) Generating app icons...
           • Creating default icons Android                                    
(●     ) Generating app icons...
           • Creating adaptive icons Android                                   
(●     ) Generating app icons...
( ●    ) Generating app icons...
           • Overwriting the default Android launcher icon with a new icon     
( ●    ) Generating app icons...
           • No colors.xml file found in your Android project                  
(   ●  ) Generating app icons...
           • Creating colors.xml file and adding it to your Android project    
(   ●  ) Generating app icons...
           • Creating mipmap xml file Android                                  
(   ●  ) Generating app icons...
(    ● ) Generating app icons...
           • Overwriting default iOS launcher icon with new icon               
(     ●) Generating app icons...
(   ●  ) Generating app icons...
[12:03:50] Creating Icons for Web...                                           
(   ●  ) Generating app icons...
           Creating Icons for Windows...                                       
( ●    ) Generating app icons...
           Creating Icons for MacOS...                                         
(●     ) Generating app icons...
(●     ) Generating app icons...
                                                                               
(  ●   ) Generating app icons...
           ✓ Successfully generated launcher icons                             
(  ●   ) Generating app icons...
           Generated app icons ✅                                              
(  ●   ) Generating app icons...
           Run subprocess:                                                     
           ['C:\\Users\\balae\\flutter\\3.38.7\\bin\\flutter.bat', 'build',    
           'windows', '--build-name', '1.0.0', '--no-version-check',           
           '--suppress-analytics']                                             
(  ●   ) Building Windows app...
(   ●  ) Building Windows app...
(   ●  ) Building Windows app...
(●     ) Building Windows app...
(   ●  ) Building Windows app...
(    ● ) Building Windows app...
[12:03:51] Resolving dependencies...                                           
( ●    ) Building Windows app...
( ●    ) Building Windows app...
           Downloading packages...                                             
(●     ) Building Windows app...
(  ●   ) Building Windows app...
[12:03:52]   characters 1.4.0 (1.4.1 available)                                
(   ●  ) Building Windows app...
             cli_util 0.4.2 (0.5.1 available)                                  
(   ●  ) Building Windows app...
             code_assets 1.0.0 (1.1.0 available)                               
(   ●  ) Building Windows app...
             device_info_plus 12.4.0 (13.1.0 available)                        
(   ●  ) Building Windows app...
             device_info_plus_platform_interface 7.0.3 (8.1.0 available)       
(   ●  ) Building Windows app...
             file_picker 10.3.10 (11.0.2 available)                            
(   ●  ) Building Windows app...
           ! flet 0.80.5 (overridden) (0.85.1 available)                       
(    ● ) Building Windows app...
             flutter_lints 2.0.3 (6.0.0 available)                             
(    ● ) Building Windows app...
             flutter_native_splash 2.4.6 (2.4.7 available)                     
(    ● ) Building Windows app...
             hooks 1.0.3 (2.0.0 available)                                     
(    ● ) Building Windows app...
             lints 2.1.1 (6.1.0 available)                                     
(    ● ) Building Windows app...
             material_color_utilities 0.11.1 (0.13.0 available)                
(    ● ) Building Windows app...
             meta 1.17.0 (1.18.2 available)                                    
(    ● ) Building Windows app...
             native_toolchain_c 0.17.6 (0.19.0 available)                      
(    ● ) Building Windows app...
           ! package_info_plus 9.0.1 (overridden) (10.1.0 available)           
(    ● ) Building Windows app...
             package_info_plus_platform_interface 3.2.1 (4.1.0 available)      
(    ● ) Building Windows app...
             petitparser 6.1.0 (7.0.2 available)                               
(    ● ) Building Windows app...
             serious_python 0.9.11 (1.0.0 available)                           
(    ● ) Building Windows app...
             serious_python_android 0.9.12 (1.0.0 available)                   
(    ● ) Building Windows app...
             serious_python_darwin 0.9.12 (1.0.0 available)                    
(    ● ) Building Windows app...
             serious_python_linux 0.9.12 (1.0.0 available)                     
(    ● ) Building Windows app...
             serious_python_platform_interface 0.9.12 (1.0.0 available)        
(    ● ) Building Windows app...
             serious_python_windows 0.9.12 (1.0.0 available)                   
(    ● ) Building Windows app...
             share_plus 12.0.2 (13.1.0 available)                              
(    ● ) Building Windows app...
             share_plus_platform_interface 6.1.0 (7.1.0 available)             
(    ● ) Building Windows app...
             shared_preferences 2.5.3 (2.5.5 available)                        
(    ● ) Building Windows app...
             toml 0.15.0 (0.18.0 available)                                    
(    ● ) Building Windows app...
             vector_math 2.2.0 (2.3.0 available)                               
(    ● ) Building Windows app...
           ! wakelock_plus 1.5.2 (overridden) (1.6.1 available)                
(    ● ) Building Windows app...
             win32 5.15.0 (6.2.0 available)                                    
(    ● ) Building Windows app...
             win32_registry 2.1.0 (3.0.3 available)                            
(    ● ) Building Windows app...
             xml 6.5.0 (7.0.1 available)                                       
(    ● ) Building Windows app...
           Got dependencies!                                                   
(    ● ) Building Windows app...
           32 packages have newer versions incompatible with dependency        
           constraints.                                                        
(    ● ) Building Windows app...
           Try `flutter pub outdated` for more information.                    
(    ● ) Building Windows app...
(    ● ) Building Windows app...
( ●    ) Building Windows app...
(  ●   ) Building Windows app...
           Unable to find suitable Visual Studio toolchain. Please run `flutter
           doctor` for more details.                                           
(  ●   ) Building Windows app...
           <_io.TextIOWrapper name=4 encoding='utf-8'>                         
(   ●  ) Building Windows app...
┌─────────────────────────────────────────────────────────────────────────────┐
│ Error building Flet app - see the log of failed command above.              │
└─────────────────────────────────────────────────────────────────────────────┘
( ●    ) Running Flutter doctor...
           Run subprocess:                                                     
           ['C:\\Users\\balae\\flutter\\3.38.7\\bin\\flutter.bat', 'doctor',   
           '--no-version-check', '--suppress-analytics']                       
┌─────────────────────────────────────────────────────────────────────────────┐
│ Error building Flet app - see the log of failed command above.              │
└─────────────────────────────────────────────────────────────────────────────┘
( ●    ) Running Flutter doctor...
┌─────────────────────────────────────────────────────────────────────────────┐
│ Error building Flet app - see the log of failed command above.              │
└─────────────────────────────────────────────────────────────────────────────┘
(   ●  ) Running Flutter doctor...
┌─────────────────────────────────────────────────────────────────────────────┐
│ Error building Flet app - see the log of failed command above.              │
└─────────────────────────────────────────────────────────────────────────────┘
(    ● ) Running Flutter doctor...
┌─────────────────────────────────────────────────────────────────────────────┐
│ Error building Flet app - see the log of failed command above.              │
└─────────────────────────────────────────────────────────────────────────────┘
( ●    ) Running Flutter doctor...
┌─────────────────────────────────────────────────────────────────────────────┐
│ Error building Flet app - see the log of failed command above.              │
└─────────────────────────────────────────────────────────────────────────────┘
(   ●  ) Running Flutter doctor...
┌─────────────────────────────────────────────────────────────────────────────┐
│ Error building Flet app - see the log of failed command above.              │
└─────────────────────────────────────────────────────────────────────────────┘
(    ● ) Running Flutter doctor...
┌─────────────────────────────────────────────────────────────────────────────┐
│ Error building Flet app - see the log of failed command above.              │
└─────────────────────────────────────────────────────────────────────────────┘
( ●    ) Running Flutter doctor...
┌─────────────────────────────────────────────────────────────────────────────┐
│ Error building Flet app - see the log of failed command above.              │
└─────────────────────────────────────────────────────────────────────────────┘
(  ●   ) Running Flutter doctor...
┌─────────────────────────────────────────────────────────────────────────────┐
│ Error building Flet app - see the log of failed command above.              │
└─────────────────────────────────────────────────────────────────────────────┘
(     ●) Running Flutter doctor...
┌─────────────────────────────────────────────────────────────────────────────┐
│ Error building Flet app - see the log of failed command above.              │
└─────────────────────────────────────────────────────────────────────────────┘
(  ●   ) Running Flutter doctor...
┌─────────────────────────────────────────────────────────────────────────────┐
│ Error building Flet app - see the log of failed command above.              │
└─────────────────────────────────────────────────────────────────────────────┘
(  ●   ) Running Flutter doctor...
┌─────────────────────────────────────────────────────────────────────────────┐
│ Error building Flet app - see the log of failed command above.              │
└─────────────────────────────────────────────────────────────────────────────┘
(     ●) Running Flutter doctor...
┌─────────────────────────────────────────────────────────────────────────────┐
│ Error building Flet app - see the log of failed command above.              │
└─────────────────────────────────────────────────────────────────────────────┘
(  ●   ) Running Flutter doctor...
┌─────────────────────────────────────────────────────────────────────────────┐
│ Error building Flet app - see the log of failed command above.              │
└─────────────────────────────────────────────────────────────────────────────┘
( ●    ) Running Flutter doctor...
┌─────────────────────────────────────────────────────────────────────────────┐
│ Error building Flet app - see the log of failed command above.              │
└─────────────────────────────────────────────────────────────────────────────┘
(    ● ) Running Flutter doctor...
┌─────────────────────────────────────────────────────────────────────────────┐
│ Error building Flet app - see the log of failed command above.              │
└─────────────────────────────────────────────────────────────────────────────┘
(  ●   ) Running Flutter doctor...
[12:03:56] Doctor summary (to see all details, run flutter doctor -v):         
           [√] Flutter (Channel stable, 3.38.7, on Microsoft Windows [Version  
           10.0.26200.8457], locale en-GB)                                     
           [√] Windows Version (11 Home 64-bit, 25H2, 2009)                    
           [X] Android toolchain - develop for Android devices                 
               X cmdline-tools component is missing.                           
                 Try installing or updating Android Studio.                    
                 Alternatively, download the tools from                        
           https://developer.android.com/studio#command-line-tools-only and    
           make sure to set the ANDROID_HOME environment variable.             
                 See https://developer.android.com/studio/command-line for more
           details.                                                            
           [√] Chrome - develop for the web                                    
           [!] Visual Studio - develop Windows apps (Visual Studio Community   
           2026 18.6.0)                                                        
               X The current Visual Studio installation is incomplete.         
                 Please use Visual Studio Installer to complete the            
           installation or reinstall Visual Studio.                            
           [√] Connected device (2 available)                                  
           [√] Network resources                                               
                                                                               
           ! Doctor found issues in 2 categories.                              
                                                                               
┌─────────────────────────────────────────────────────────────────────────────┐
│ Error building Flet app - see the log of failed command above.              │
└─────────────────────────────────────────────────────────────────────────────┘
(  ●   ) Running Flutter doctor...
┌─────────────────────────────────────────────────────────────────────────────┐
│ Error building Flet app - see the log of failed command above.              │
└─────────────────────────────────────────────────────────────────────────────┘
┌─────────────────────────────────────────────────────────────────────────────┐
│ Error building Flet app - see the log of failed command above.              │
└─────────────────────────────────────────────────────────────────────────────┘
